I'm sorry, but errors were detected in your script. Please correct the
errors listed below, and try again.


File "game/screens.rpy", line 284: 'play' is not a keyword argument or valid child of the screen statement.
    play music "audio/spooky_music_bg.mp3" volume 0.1
        ^

Ren'Py Version: Ren'Py 8.1.3.23091805
Mon Feb 12 22:28:21 2024
